#-----------------------------------------------------------
# Vivado v2021.2 (64-bit)
# SW Build 3367213 on Tue Oct 19 02:48:09 MDT 2021
# IP Build 3369179 on Thu Oct 21 08:25:16 MDT 2021
# Start of session at: Mon Mar 28 16:47:06 2022
# Process ID: 16712
# Current directory: C:/Users/cakef/Documents/GitHub/basys3-VHDL-project/display translator/VHDL_Project
# Command line: vivado.exe -gui_launcher_event rodinguilauncherevent2644 C:\Users\cakef\Documents\GitHub\basys3-VHDL-project\display translator\VHDL_Project\VHDL_Project.xpr
# Log file: C:/Users/cakef/Documents/GitHub/basys3-VHDL-project/display translator/VHDL_Project/vivado.log
# Journal file: C:/Users/cakef/Documents/GitHub/basys3-VHDL-project/display translator/VHDL_Project\vivado.jou
# Running On: HALALSUCCESOR, OS: Windows, CPU Frequency: 2894 MHz, CPU Physical cores: 16, Host memory: 17042 MB
#-----------------------------------------------------------
start_gui
open_project {C:/Users/cakef/Documents/GitHub/basys3-VHDL-project/display translator/VHDL_Project/VHDL_Project.xpr}
update_compile_order -fileset sources_1
update_compile_order -fileset sources_1
update_compile_order -fileset sources_1
reset_run synth_1
launch_runs synth_1 -jobs 8
wait_on_run synth_1
launch_runs impl_1 -jobs 8
wait_on_run impl_1
launch_runs impl_1 -to_step write_bitstream -jobs 8
wait_on_run impl_1
open_hw_manager
connect_hw_server -allow_non_jtag
open_hw_target
set_property PROGRAM.FILE {C:/Users/cakef/Documents/GitHub/basys3-VHDL-project/display translator/VHDL_Project/VHDL_Project.runs/impl_1/display.bit} [get_hw_devices xc7a35t_0]
current_hw_device [get_hw_devices xc7a35t_0]
refresh_hw_device -update_hw_probes false [lindex [get_hw_devices xc7a35t_0] 0]
set_property PROBES.FILE {} [get_hw_devices xc7a35t_0]
set_property FULL_PROBES.FILE {} [get_hw_devices xc7a35t_0]
set_property PROGRAM.FILE {C:/Users/cakef/Documents/GitHub/basys3-VHDL-project/display translator/VHDL_Project/VHDL_Project.runs/impl_1/display.bit} [get_hw_devices xc7a35t_0]
program_hw_devices [get_hw_devices xc7a35t_0]
refresh_hw_device [lindex [get_hw_devices xc7a35t_0] 0]
close_hw_manager
reset_run synth_1
launch_runs synth_1 -jobs 8
wait_on_run synth_1
reset_run synth_1
launch_runs synth_1 -jobs 8
wait_on_run synth_1
launch_runs impl_1 -jobs 8
wait_on_run impl_1
launch_runs impl_1 -to_step write_bitstream -jobs 8
wait_on_run impl_1
open_hw_manager
connect_hw_server -allow_non_jtag
open_hw_target
set_property PROGRAM.FILE {C:/Users/cakef/Documents/GitHub/basys3-VHDL-project/display translator/VHDL_Project/VHDL_Project.runs/impl_1/display.bit} [get_hw_devices xc7a35t_0]
current_hw_device [get_hw_devices xc7a35t_0]
refresh_hw_device -update_hw_probes false [lindex [get_hw_devices xc7a35t_0] 0]
set_property PROBES.FILE {} [get_hw_devices xc7a35t_0]
set_property FULL_PROBES.FILE {} [get_hw_devices xc7a35t_0]
set_property PROGRAM.FILE {C:/Users/cakef/Documents/GitHub/basys3-VHDL-project/display translator/VHDL_Project/VHDL_Project.runs/impl_1/display.bit} [get_hw_devices xc7a35t_0]
program_hw_devices [get_hw_devices xc7a35t_0]
refresh_hw_device [lindex [get_hw_devices xc7a35t_0] 0]
close_hw_manager
reset_run synth_1
launch_runs synth_1 -jobs 8
wait_on_run synth_1
launch_runs impl_1 -jobs 8
wait_on_run impl_1
launch_runs impl_1 -to_step write_bitstream -jobs 8
wait_on_run impl_1
open_hw_manager
connect_hw_server -allow_non_jtag
open_hw_target
set_property PROGRAM.FILE {C:/Users/cakef/Documents/GitHub/basys3-VHDL-project/display translator/VHDL_Project/VHDL_Project.runs/impl_1/display.bit} [get_hw_devices xc7a35t_0]
current_hw_device [get_hw_devices xc7a35t_0]
refresh_hw_device -update_hw_probes false [lindex [get_hw_devices xc7a35t_0] 0]
set_property PROBES.FILE {} [get_hw_devices xc7a35t_0]
set_property FULL_PROBES.FILE {} [get_hw_devices xc7a35t_0]
set_property PROGRAM.FILE {C:/Users/cakef/Documents/GitHub/basys3-VHDL-project/display translator/VHDL_Project/VHDL_Project.runs/impl_1/display.bit} [get_hw_devices xc7a35t_0]
program_hw_devices [get_hw_devices xc7a35t_0]
refresh_hw_device [lindex [get_hw_devices xc7a35t_0] 0]
close_hw_manager
